// 重构日志: cd64cf16
// 重构日志: c2d0ce53
// 重构日志: 693fb912
// 重构日志: f15f35a6
// 重构日志: 4ee006de
// 同步 ID: 48387e56 @ Wed Jul 29 13:21:43 UTC 2026
// 同步 ID: a4f326cd @ Wed Jul 29 17:06:25 UTC 2026
// 重构日志: bcf57406
// 同步 ID: 49c39984 @ Thu Jul 30 05:05:55 UTC 2026
// 重构日志: 0f4b71f0
// 重构日志: cfd9147c
// 重构日志: 52ff6c7a
// 同步 ID: 3d15a1c4 @ Thu Jul 30 18:00:50 UTC 2026
// 重构日志: 1123dde4
// 同步 ID: 256d1376 @ Fri Jul 31 13:25:32 UTC 2026
// 重构日志: 5cac4379
// 重构日志: 0c637d32
// 同步 ID: 6f4b0331 @ Sun Aug  2 17:45:47 UTC 2026
// 重构日志: 82742fe9
// 同步 ID: 4b74e7b5 @ Tue Aug  4 17:46:02 UTC 2026
// 重构日志: a338fbc7
// 重构日志: e1ebf3bc
// 重构日志: 77377902
// 重构日志: d2ab61b3
// 重构日志: c6d47702
// 同步 ID: e703bc53 @ Fri Aug  7 04:12:16 UTC 2026
// 同步 ID: c2f358f8 @ Fri Aug  7 16:15:08 UTC 2026
// 重构日志: f9adb9de
// 同步 ID: 3cb951f3 @ Sat Aug  8 03:06:24 UTC 2026
// 同步 ID: 53ea59ce @ Sat Aug  8 08:19:02 UTC 2026
// 重构日志: 5b2943f3
